[INFO] Scanning for projects...
[INFO] 
[INFO] ------------------------< com.spring:ecommerce >------------------------
[INFO] Building ecommerce 0.0.1-SNAPSHOT
[INFO]   from pom.xml
[INFO] --------------------------------[ jar ]---------------------------------
[INFO] 
[INFO] --- resources:3.3.1:resources (default-resources) @ ecommerce ---
[INFO] Copying 2 resources from src\main\resources to target\classes
[INFO] Copying 0 resource from src\main\resources to target\classes
[INFO] 
[INFO] --- compiler:3.14.1:compile (default-compile) @ ecommerce ---
[INFO] Nothing to compile - all classes are up to date.
[INFO] 
[INFO] --- resources:3.3.1:testResources (default-testResources) @ ecommerce ---
[INFO] Copying 1 resource from src\test\resources to target\test-classes
[INFO] 
[INFO] --- compiler:3.14.1:testCompile (default-testCompile) @ ecommerce ---
[INFO] Nothing to compile - all classes are up to date.
[INFO] 
[INFO] --- surefire:3.5.4:test (default-test) @ ecommerce ---
[INFO] Using auto detected provider org.apache.maven.surefire.junitplatform.JUnitPlatformProvider
[INFO] 
[INFO] -------------------------------------------------------
[INFO]  T E S T S
[INFO] -------------------------------------------------------
[INFO] Running com.spring.ecommerce.admin.AdminServiceIntegrationTest
00:22:40.756 [main] INFO org.springframework.test.context.support.AnnotationConfigContextLoaderUtils -- Could not detect default configuration classes for test class [com.spring.ecommerce.admin.AdminServiceIntegrationTest]: AdminServiceIntegrationTest does not declare any static, non-private, non-final, nested classes annotated with @Configuration.
00:22:41.302 [main] INFO org.springframework.boot.test.context.SpringBootTestContextBootstrapper -- Found @SpringBootConfiguration com.spring.ecommerce.EcommerceApplication for test class com.spring.ecommerce.admin.AdminServiceIntegrationTest
[INFO] Running Inventory Management
00:22:41.745 [main] INFO org.springframework.test.context.support.AnnotationConfigContextLoaderUtils -- Could not detect default configuration classes for test class [com.spring.ecommerce.admin.AdminServiceIntegrationTest$InventoryManagementTests]: InventoryManagementTests does not declare any static, non-private, non-final, nested classes annotated with @Configuration.
00:22:41.778 [main] INFO org.springframework.boot.test.context.SpringBootTestContextBootstrapper -- Found @SpringBootConfiguration com.spring.ecommerce.EcommerceApplication for test class com.spring.ecommerce.admin.AdminServiceIntegrationTest$InventoryManagementTests

  .   ____          _            __ _ _
 /\\ / ___'_ __ _ _(_)_ __  __ _ \ \ \ \
( ( )\___ | '_ | '_| | '_ \/ _` | \ \ \ \
 \\/  ___)| |_)| | | | | || (_| |  ) ) ) )
  '  |____| .__|_| |_|_| |_\__, | / / / /
 =========|_|==============|___/=/_/_/_/

 :: Spring Boot ::                (v4.0.1)

2026-03-04T00:22:43.126+05:30  WARN 21064 --- [ecommerce] [           main] ory$DuplicateJsonObjectContextCustomizer : 

Found multiple occurrences of org.json.JSONObject on the class path:

	jar:file:/C:/Users/USER/.m2/repository/com/vaadin/external/google/android-json/0.0.20131108.vaadin1/android-json-0.0.20131108.vaadin1.jar!/org/json/JSONObject.class
	jar:file:/C:/Users/USER/.m2/repository/org/json/json/20231013/json-20231013.jar!/org/json/JSONObject.class

You may wish to exclude one of them to ensure predictable runtime behavior

2026-03-04T00:22:43.257+05:30  INFO 21064 --- [ecommerce] [           main] IntegrationTest$InventoryManagementTests : Starting AdminServiceIntegrationTest.InventoryManagementTests using Java 17.0.8.1 with PID 21064 (started by USER in C:\ecommerce)
2026-03-04T00:22:43.259+05:30  INFO 21064 --- [ecommerce] [           main] IntegrationTest$InventoryManagementTests : The following 1 profile is active: "test"
2026-03-04T00:22:48.104+05:30  INFO 21064 --- [ecommerce] [           main] .s.d.r.c.RepositoryConfigurationDelegate : Bootstrapping Spring Data JPA repositories in DEFAULT mode.
2026-03-04T00:22:48.778+05:30  INFO 21064 --- [ecommerce] [           main] .s.d.r.c.RepositoryConfigurationDelegate : Finished Spring Data repository scanning in 623 ms. Found 7 JPA repository interfaces.
2026-03-04T00:22:52.023+05:30  INFO 21064 --- [ecommerce] [           main] org.hibernate.orm.jpa                    : HHH008540: Processing PersistenceUnitInfo [name: default]
2026-03-04T00:22:52.341+05:30  INFO 21064 --- [ecommerce] [           main] org.hibernate.orm.core                   : HHH000001: Hibernate ORM core version 7.2.0.Final
2026-03-04T00:22:55.624+05:30  INFO 21064 --- [ecommerce] [           main] o.s.o.j.p.SpringPersistenceUnitInfo      : No LoadTimeWeaver setup: ignoring JPA class transformer
2026-03-04T00:22:55.763+05:30  INFO 21064 --- [ecommerce] [           main] com.zaxxer.hikari.HikariDataSource       : HikariPool-1 - Starting...
2026-03-04T00:22:56.457+05:30  INFO 21064 --- [ecommerce] [           main] com.zaxxer.hikari.pool.HikariPool        : HikariPool-1 - Added connection org.postgresql.jdbc.PgConnection@2c70a1de
2026-03-04T00:22:56.462+05:30  INFO 21064 --- [ecommerce] [           main] com.zaxxer.hikari.HikariDataSource       : HikariPool-1 - Start completed.
2026-03-04T00:22:56.728+05:30  INFO 21064 --- [ecommerce] [           main] org.hibernate.orm.connections.pooling    : HHH10001005: Database info:
	Database JDBC URL [jdbc:postgresql://localhost:5432/ecommerce_test]
	Database driver: PostgreSQL JDBC Driver
	Database dialect: PostgreSQLDialect
	Database version: 18.1
	Default catalog/schema: ecommerce_test/public
	Autocommit mode: undefined/unknown
	Isolation level: READ_COMMITTED [default READ_COMMITTED]
	JDBC fetch size: none
	Pool: DataSourceConnectionProvider
	Minimum pool size: undefined/unknown
	Maximum pool size: undefined/unknown
2026-03-04T00:23:02.312+05:30  INFO 21064 --- [ecommerce] [           main] org.hibernate.orm.core                   : HHH000489: No JTA platform available (set 'hibernate.transaction.jta.platform' to enable JTA platform integration)
2026-03-04T00:23:02.622+05:30  INFO 21064 --- [ecommerce] [           main] j.LocalContainerEntityManagerFactoryBean : Initialized JPA EntityManagerFactory for persistence unit 'default'
2026-03-04T00:23:03.064+05:30  INFO 21064 --- [ecommerce] [           main] o.s.d.j.r.query.QueryEnhancerFactories   : Hibernate is in classpath; If applicable, HQL parser will be used.
2026-03-04T00:23:09.429+05:30  INFO 21064 --- [ecommerce] [           main] r$InitializeUserDetailsManagerConfigurer : Global AuthenticationManager configured with UserDetailsService bean with name customUserDetailsService
2026-03-04T00:23:09.857+05:30  WARN 21064 --- [ecommerce] [           main] JpaBaseConfiguration$JpaWebConfiguration : spring.jpa.open-in-view is enabled by default. Therefore, database queries may be performed during view rendering. Explicitly configure spring.jpa.open-in-view to disable this warning
2026-03-04T00:23:12.360+05:30  INFO 21064 --- [ecommerce] [           main] IntegrationTest$InventoryManagementTests : Started AdminServiceIntegrationTest.InventoryManagementTests in 30.409 seconds (process running for 35.469)
Hibernate: 
    select
        p1_0.id,
        p1_0.amount,
        p1_0.created_at,
        p1_0.failure_reason,
        p1_0.gateway_order_id,
        p1_0.gateway_payment_id,
        p1_0.order_id,
        p1_0.payment_link,
        p1_0.payment_method,
        p1_0.payment_status,
        p1_0.updated_at,
        p1_0.upi_transaction_id 
    from
        payments p1_0 
    where
        p1_0.payment_status=? 
        and p1_0.created_at<?
.\mvnw : OpenJDK 64-Bit Server VM warning: Sharing is only supported for boot 
loader classes because bootstrap classpath has been appended
At line:1 char:1
+ .\mvnw test -Dtest=AdminServiceIntegrationTest > C:\ecommerce\test-ou ...
+ ~~~~~~~~~~~~~~~~~~~~~~~~~~~~~~~~~~~~~~~~~~~~~~~~~~~~~~~~~~~~~~~~~~~~~
    + CategoryInfo          : NotSpecified: (OpenJDK 64-Bit ...s been appended 
   :String) [], RemoteException
    + FullyQualifiedErrorId : NativeCommandError
 
Hibernate: 
    DELETE 
    FROM
        admin_audit_logs
Hibernate: 
    DELETE 
    FROM
        order_items
Hibernate: 
    DELETE 
    FROM
        payments
Hibernate: 
    DELETE 
    FROM
        cart_items
Hibernate: 
    DELETE 
    FROM
        orders
Hibernate: 
    DELETE 
    FROM
        carts
Hibernate: 
    DELETE 
    FROM
        inventory
Hibernate: 
    DELETE 
    FROM
        products
Hibernate: 
    DELETE 
    FROM
        users
Hibernate: 
    insert 
    into
        products
        (description, is_active, name, price) 
    values
        (?, ?, ?, ?)
Hibernate: 
    insert 
    into
        inventory
        (available_stock, total_stock, product_id) 
    values
        (?, ?, ?)
Hibernate: 
    insert 
    into
        products
        (description, is_active, name, price) 
    values
        (?, ?, ?, ?)
Hibernate: 
    insert 
    into
        inventory
        (available_stock, total_stock, product_id) 
    values
        (?, ?, ?)
Hibernate: 
    select
        i1_0.product_id,
        i1_0.available_stock,
        p1_0.id,
        p1_0.description,
        p1_0.is_active,
        p1_0.name,
        p1_0.price,
        i1_0.total_stock 
    from
        inventory i1_0 
    join
        products p1_0 
            on p1_0.id=i1_0.product_id 
    offset
        ? rows 
    fetch
        first ? rows only
Hibernate: 
    DELETE 
    FROM
        admin_audit_logs
Hibernate: 
    DELETE 
    FROM
        order_items
Hibernate: 
    DELETE 
    FROM
        payments
Hibernate: 
    DELETE 
    FROM
        cart_items
Hibernate: 
    DELETE 
    FROM
        orders
Hibernate: 
    DELETE 
    FROM
        carts
Hibernate: 
    DELETE 
    FROM
        inventory
Hibernate: 
    DELETE 
    FROM
        products
Hibernate: 
    DELETE 
    FROM
        users
Hibernate: 
    insert 
    into
        products
        (description, is_active, name, price) 
    values
        (?, ?, ?, ?)
Hibernate: 
    insert 
    into
        inventory
        (available_stock, total_stock, product_id) 
    values
        (?, ?, ?)
Hibernate: 
    insert 
    into
        admin_audit_logs
        (action_type, admin_email, created_at, details, target_entity, target_id) 
    values
        (?, ?, ?, ?, ?, ?)
2026-03-04T00:23:14.801+05:30  INFO 21064 --- [ecommerce] [           main] c.s.ecommerce.admin.AdminServiceImpl     : Admin admin@test.com adjusted inventory for product 111 by +0 (was 30)
Hibernate: 
    DELETE 
    FROM
        admin_audit_logs
Hibernate: 
    DELETE 
    FROM
        order_items
Hibernate: 
    DELETE 
    FROM
        payments
Hibernate: 
    DELETE 
    FROM
        cart_items
Hibernate: 
    DELETE 
    FROM
        orders
Hibernate: 
    DELETE 
    FROM
        carts
Hibernate: 
    DELETE 
    FROM
        inventory
Hibernate: 
    DELETE 
    FROM
        products
Hibernate: 
    DELETE 
    FROM
        users
Hibernate: 
    insert 
    into
        products
        (description, is_active, name, price) 
    values
        (?, ?, ?, ?)
Hibernate: 
    insert 
    into
        inventory
        (available_stock, total_stock, product_id) 
    values
        (?, ?, ?)
Hibernate: 
    update
        inventory i1_0 
    set
        available_stock=?,
        total_stock=? 
    where
        i1_0.product_id=?
Hibernate: 
    insert 
    into
        admin_audit_logs
        (action_type, admin_email, created_at, details, target_entity, target_id) 
    values
        (?, ?, ?, ?, ?, ?)
2026-03-04T00:23:14.895+05:30  INFO 21064 --- [ecommerce] [           main] c.s.ecommerce.admin.AdminServiceImpl     : Admin admin@test.com set inventory for product 112 to 75 (was 20)
Hibernate: 
    select
        i1_0.product_id,
        i1_0.available_stock,
        p1_0.id,
        p1_0.description,
        p1_0.is_active,
        p1_0.name,
        p1_0.price,
        i1_0.total_stock 
    from
        inventory i1_0 
    join
        products p1_0 
            on p1_0.id=i1_0.product_id 
    where
        i1_0.product_id=?
Hibernate: 
    select
        aal1_0.id,
        aal1_0.action_type,
        aal1_0.admin_email,
        aal1_0.created_at,
        aal1_0.details,
        aal1_0.target_entity,
        aal1_0.target_id 
    from
        admin_audit_logs aal1_0 
    where
        aal1_0.action_type=? 
    fetch
        first ? rows only
Hibernate: 
    DELETE 
    FROM
        admin_audit_logs
Hibernate: 
    DELETE 
    FROM
        order_items
Hibernate: 
    DELETE 
    FROM
        payments
Hibernate: 
    DELETE 
    FROM
        cart_items
Hibernate: 
    DELETE 
    FROM
        orders
Hibernate: 
    DELETE 
    FROM
        carts
Hibernate: 
    DELETE 
    FROM
        inventory
Hibernate: 
    DELETE 
    FROM
        products
Hibernate: 
    DELETE 
    FROM
        users
Hibernate: 
    insert 
    into
        products
        (description, is_active, name, price) 
    values
        (?, ?, ?, ?)
Hibernate: 
    insert 
    into
        inventory
        (available_stock, total_stock, product_id) 
    values
        (?, ?, ?)
Hibernate: 
    update
        inventory i1_0 
    set
        available_stock=(i1_0.available_stock+?) 
    where
        i1_0.product_id=?
Hibernate: 
    insert 
    into
        admin_audit_logs
        (action_type, admin_email, created_at, details, target_entity, target_id) 
    values
        (?, ?, ?, ?, ?, ?)
2026-03-04T00:23:14.999+05:30  INFO 21064 --- [ecommerce] [           main] c.s.ecommerce.admin.AdminServiceImpl     : Admin admin@test.com adjusted inventory for product 113 by +20 (was 30)
Hibernate: 
    select
        i1_0.product_id,
        i1_0.available_stock,
        p1_0.id,
        p1_0.description,
        p1_0.is_active,
        p1_0.name,
        p1_0.price,
        i1_0.total_stock 
    from
        inventory i1_0 
    join
        products p1_0 
            on p1_0.id=i1_0.product_id 
    where
        i1_0.product_id=?
[INFO] Tests run: 4, Failures: 0, Errors: 0, Skipped: 0, Time elapsed: 33.31 s -- in Inventory Management
[INFO] Running Order Status Transition Validation
2026-03-04T00:23:15.077+05:30  INFO 21064 --- [ecommerce] [           main] t.c.s.AnnotationConfigContextLoaderUtils : Could not detect default configuration classes for test class [com.spring.ecommerce.admin.AdminServiceIntegrationTest$OrderStatusTransitionValidationTests]: OrderStatusTransitionValidationTests does not declare any static, non-private, non-final, nested classes annotated with @Configuration.
2026-03-04T00:23:15.084+05:30  INFO 21064 --- [ecommerce] [           main] .b.t.c.SpringBootTestContextBootstrapper : Found @SpringBootConfiguration com.spring.ecommerce.EcommerceApplication for test class com.spring.ecommerce.admin.AdminServiceIntegrationTest$OrderStatusTransitionValidationTests
Hibernate: 
    DELETE 
    FROM
        admin_audit_logs
Hibernate: 
    DELETE 
    FROM
        order_items
Hibernate: 
    DELETE 
    FROM
        payments
Hibernate: 
    DELETE 
    FROM
        cart_items
Hibernate: 
    DELETE 
    FROM
        orders
Hibernate: 
    DELETE 
    FROM
        carts
Hibernate: 
    DELETE 
    FROM
        inventory
Hibernate: 
    DELETE 
    FROM
        products
Hibernate: 
    DELETE 
    FROM
        users
Hibernate: 
    insert 
    into
        users
        (email, is_active, password, phone_number, role) 
    values
        (?, ?, ?, ?, ?)
Hibernate: 
    insert 
    into
        products
        (description, is_active, name, price) 
    values
        (?, ?, ?, ?)
Hibernate: 
    insert 
    into
        inventory
        (available_stock, total_stock, product_id) 
    values
        (?, ?, ?)
Hibernate: 
    update
        inventory i1_0 
    set
        available_stock=(i1_0.available_stock-?) 
    where
        i1_0.product_id=? 
        and i1_0.available_stock>=?
Hibernate: 
    insert 
    into
        orders
        (created_at, idempotency_key, order_status, payment_method, payment_status, total_amount, user_id) 
    values
        (?, ?, ?, ?, ?, ?, ?)
Hibernate: 
    insert 
    into
        order_items
        (order_id, price_at_purchase, product_id, quantity) 
    values
        (?, ?, ?, ?)
Hibernate: 
    select
        o1_0.id,
        o1_0.created_at,
        o1_0.idempotency_key,
        i1_0.order_id,
        i1_0.id,
        i1_0.price_at_purchase,
        i1_0.product_id,
        p1_0.id,
        p1_0.description,
        p1_0.is_active,
        p1_0.name,
        p1_0.price,
        i1_0.quantity,
        o1_0.order_status,
        o1_0.payment_method,
        o1_0.payment_status,
        o1_0.total_amount,
        o1_0.user_id 
    from
        orders o1_0 
    left join
        order_items i1_0 
            on o1_0.id=i1_0.order_id 
    left join
        products p1_0 
            on p1_0.id=i1_0.product_id 
    where
        o1_0.id=?
Hibernate: 
    DELETE 
    FROM
        admin_audit_logs
Hibernate: 
    DELETE 
    FROM
        order_items
Hibernate: 
    DELETE 
    FROM
        payments
Hibernate: 
    DELETE 
    FROM
        cart_items
Hibernate: 
    DELETE 
    FROM
        orders
Hibernate: 
    DELETE 
    FROM
        carts
Hibernate: 
    DELETE 
    FROM
        inventory
Hibernate: 
    DELETE 
    FROM
        products
Hibernate: 
    DELETE 
    FROM
        users
Hibernate: 
    insert 
    into
        users
        (email, is_active, password, phone_number, role) 
    values
        (?, ?, ?, ?, ?)
Hibernate: 
    insert 
    into
        products
        (description, is_active, name, price) 
    values
        (?, ?, ?, ?)
Hibernate: 
    insert 
    into
        inventory
        (available_stock, total_stock, product_id) 
    values
        (?, ?, ?)
Hibernate: 
    insert 
    into
        orders
        (created_at, idempotency_key, order_status, payment_method, payment_status, total_amount, user_id) 
    values
        (?, ?, ?, ?, ?, ?, ?)
Hibernate: 
    insert 
    into
        order_items
        (order_id, price_at_purchase, product_id, quantity) 
    values
        (?, ?, ?, ?)
Hibernate: 
    select
        o1_0.id,
        o1_0.created_at,
        o1_0.idempotency_key,
        i1_0.order_id,
        i1_0.id,
        i1_0.price_at_purchase,
        i1_0.product_id,
        p1_0.id,
        p1_0.description,
        p1_0.is_active,
        p1_0.name,
        p1_0.price,
        i1_0.quantity,
        o1_0.order_status,
        o1_0.payment_method,
        o1_0.payment_status,
        o1_0.total_amount,
        o1_0.user_id 
    from
        orders o1_0 
    left join
        order_items i1_0 
            on o1_0.id=i1_0.order_id 
    left join
        products p1_0 
            on p1_0.id=i1_0.product_id 
    where
        o1_0.id=?
Hibernate: 
    DELETE 
    FROM
        admin_audit_logs
Hibernate: 
    DELETE 
    FROM
        order_items
Hibernate: 
    DELETE 
    FROM
        payments
Hibernate: 
    DELETE 
    FROM
        cart_items
Hibernate: 
    DELETE 
    FROM
        orders
Hibernate: 
    DELETE 
    FROM
        carts
Hibernate: 
    DELETE 
    FROM
        inventory
Hibernate: 
    DELETE 
    FROM
        products
Hibernate: 
    DELETE 
    FROM
        users
Hibernate: 
    insert 
    into
        users
        (email, is_active, password, phone_number, role) 
    values
        (?, ?, ?, ?, ?)
Hibernate: 
    insert 
    into
        products
        (description, is_active, name, price) 
    values
        (?, ?, ?, ?)
Hibernate: 
    insert 
    into
        inventory
        (available_stock, total_stock, product_id) 
    values
        (?, ?, ?)
Hibernate: 
    update
        inventory i1_0 
    set
        available_stock=(i1_0.available_stock-?) 
    where
        i1_0.product_id=? 
        and i1_0.available_stock>=?
Hibernate: 
    insert 
    into
        orders
        (created_at, idempotency_key, order_status, payment_method, payment_status, total_amount, user_id) 
    values
        (?, ?, ?, ?, ?, ?, ?)
Hibernate: 
    insert 
    into
        order_items
        (order_id, price_at_purchase, product_id, quantity) 
    values
        (?, ?, ?, ?)
Hibernate: 
    select
        o1_0.id,
        o1_0.created_at,
        o1_0.idempotency_key,
        i1_0.order_id,
        i1_0.id,
        i1_0.price_at_purchase,
        i1_0.product_id,
        p1_0.id,
        p1_0.description,
        p1_0.is_active,
        p1_0.name,
        p1_0.price,
        i1_0.quantity,
        o1_0.order_status,
        o1_0.payment_method,
        o1_0.payment_status,
        o1_0.total_amount,
        o1_0.user_id 
    from
        orders o1_0 
    left join
        order_items i1_0 
            on o1_0.id=i1_0.order_id 
    left join
        products p1_0 
            on p1_0.id=i1_0.product_id 
    where
        o1_0.id=?
Hibernate: 
    DELETE 
    FROM
        admin_audit_logs
Hibernate: 
    DELETE 
    FROM
        order_items
Hibernate: 
    DELETE 
    FROM
        payments
Hibernate: 
    DELETE 
    FROM
        cart_items
Hibernate: 
    DELETE 
    FROM
        orders
Hibernate: 
    DELETE 
    FROM
        carts
Hibernate: 
    DELETE 
    FROM
        inventory
Hibernate: 
    DELETE 
    FROM
        products
Hibernate: 
    DELETE 
    FROM
        users
Hibernate: 
    insert 
    into
        users
        (email, is_active, password, phone_number, role) 
    values
        (?, ?, ?, ?, ?)
Hibernate: 
    insert 
    into
        products
        (description, is_active, name, price) 
    values
        (?, ?, ?, ?)
Hibernate: 
    insert 
    into
        inventory
        (available_stock, total_stock, product_id) 
    values
        (?, ?, ?)
Hibernate: 
    update
        inventory i1_0 
    set
        available_stock=(i1_0.available_stock-?) 
    where
        i1_0.product_id=? 
        and i1_0.available_stock>=?
Hibernate: 
    insert 
    into
        orders
        (created_at, idempotency_key, order_status, payment_method, payment_status, total_amount, user_id) 
    values
        (?, ?, ?, ?, ?, ?, ?)
Hibernate: 
    insert 
    into
        order_items
        (order_id, price_at_purchase, product_id, quantity) 
    values
        (?, ?, ?, ?)
Hibernate: 
    select
        o1_0.id,
        o1_0.created_at,
        o1_0.idempotency_key,
        i1_0.order_id,
        i1_0.id,
        i1_0.price_at_purchase,
        i1_0.product_id,
        p1_0.id,
        p1_0.description,
        p1_0.is_active,
        p1_0.name,
        p1_0.price,
        i1_0.quantity,
        o1_0.order_status,
        o1_0.payment_method,
        o1_0.payment_status,
        o1_0.total_amount,
        o1_0.user_id 
    from
        orders o1_0 
    left join
        order_items i1_0 
            on o1_0.id=i1_0.order_id 
    left join
        products p1_0 
            on p1_0.id=i1_0.product_id 
    where
        o1_0.id=?
[INFO] Tests run: 4, Failures: 0, Errors: 0, Skipped: 0, Time elapsed: 1.661 s -- in Order Status Transition Validation
[INFO] Running Order Management
2026-03-04T00:23:16.708+05:30  INFO 21064 --- [ecommerce] [           main] t.c.s.AnnotationConfigContextLoaderUtils : Could not detect default configuration classes for test class [com.spring.ecommerce.admin.AdminServiceIntegrationTest$OrderManagementTests]: OrderManagementTests does not declare any static, non-private, non-final, nested classes annotated with @Configuration.
2026-03-04T00:23:16.713+05:30  INFO 21064 --- [ecommerce] [           main] .b.t.c.SpringBootTestContextBootstrapper : Found @SpringBootConfiguration com.spring.ecommerce.EcommerceApplication for test class com.spring.ecommerce.admin.AdminServiceIntegrationTest$OrderManagementTests
Hibernate: 
    DELETE 
    FROM
        admin_audit_logs
Hibernate: 
    DELETE 
    FROM
        order_items
Hibernate: 
    DELETE 
    FROM
        payments
Hibernate: 
    DELETE 
    FROM
        cart_items
Hibernate: 
    DELETE 
    FROM
        orders
Hibernate: 
    DELETE 
    FROM
        carts
Hibernate: 
    DELETE 
    FROM
        inventory
Hibernate: 
    DELETE 
    FROM
        products
Hibernate: 
    DELETE 
    FROM
        users
Hibernate: 
    insert 
    into
        users
        (email, is_active, password, phone_number, role) 
    values
        (?, ?, ?, ?, ?)
Hibernate: 
    insert 
    into
        products
        (description, is_active, name, price) 
    values
        (?, ?, ?, ?)
Hibernate: 
    insert 
    into
        inventory
        (available_stock, total_stock, product_id) 
    values
        (?, ?, ?)
Hibernate: 
    update
        inventory i1_0 
    set
        available_stock=(i1_0.available_stock-?) 
    where
        i1_0.product_id=? 
        and i1_0.available_stock>=?
Hibernate: 
    insert 
    into
        orders
        (created_at, idempotency_key, order_status, payment_method, payment_status, total_amount, user_id) 
    values
        (?, ?, ?, ?, ?, ?, ?)
Hibernate: 
    insert 
    into
        order_items
        (order_id, price_at_purchase, product_id, quantity) 
    values
        (?, ?, ?, ?)
Hibernate: 
    select
        i1_0.product_id,
        i1_0.available_stock,
        p1_0.id,
        p1_0.description,
        p1_0.is_active,
        p1_0.name,
        p1_0.price,
        i1_0.total_stock 
    from
        inventory i1_0 
    join
        products p1_0 
            on p1_0.id=i1_0.product_id 
    where
        i1_0.product_id=?
Hibernate: 
    select
        o1_0.id,
        o1_0.created_at,
        o1_0.idempotency_key,
        i1_0.order_id,
        i1_0.id,
        i1_0.price_at_purchase,
        i1_0.product_id,
        p1_0.id,
        p1_0.description,
        p1_0.is_active,
        p1_0.name,
        p1_0.price,
        i1_0.quantity,
        o1_0.order_status,
        o1_0.payment_method,
        o1_0.payment_status,
        o1_0.total_amount,
        o1_0.user_id 
    from
        orders o1_0 
    left join
        order_items i1_0 
            on o1_0.id=i1_0.order_id 
    left join
        products p1_0 
            on p1_0.id=i1_0.product_id 
    where
        o1_0.id=?
Hibernate: 
    update
        inventory i1_0 
    set
        available_stock=(i1_0.available_stock+?) 
    where
        i1_0.product_id=?
2026-03-04T00:23:17.089+05:30  INFO 21064 --- [ecommerce] [           main] c.s.ecommerce.admin.AdminServiceImpl     : Admin cancelled: restored 3 units of product 118 for order 145
Hibernate: 
    insert 
    into
        admin_audit_logs
        (action_type, admin_email, created_at, details, target_entity, target_id) 
    values
        (?, ?, ?, ?, ?, ?)
Hibernate: 
    select
        o1_0.id,
        o1_0.created_at,
        o1_0.idempotency_key,
        o1_0.order_status,
        o1_0.payment_method,
        o1_0.payment_status,
        o1_0.total_amount,
        o1_0.user_id,
        u1_0.id,
        u1_0.email,
        u1_0.is_active,
        u1_0.password,
        u1_0.phone_number,
        u1_0.role 
    from
        orders o1_0 
    join
        users u1_0 
            on u1_0.id=o1_0.user_id 
    where
        o1_0.id=?
Hibernate: 
    select
        oi1_0.id,
        oi1_0.order_id,
        o1_0.id,
        o1_0.created_at,
        o1_0.idempotency_key,
        o1_0.order_status,
        o1_0.payment_method,
        o1_0.payment_status,
        o1_0.total_amount,
        o1_0.user_id,
        u1_0.id,
        u1_0.email,
        u1_0.is_active,
        u1_0.password,
        u1_0.phone_number,
        u1_0.role,
        oi1_0.price_at_purchase,
        oi1_0.product_id,
        p1_0.id,
        p1_0.description,
        i1_0.product_id,
        i1_0.available_stock,
        i1_0.total_stock,
        p1_0.is_active,
        p1_0.name,
        p1_0.price,
        oi1_0.quantity 
    from
        order_items oi1_0 
    join
        orders o1_0 
            on o1_0.id=oi1_0.order_id 
    join
        users u1_0 
            on u1_0.id=o1_0.user_id 
    join
        products p1_0 
            on p1_0.id=oi1_0.product_id 
    join
        inventory i1_0 
            on p1_0.id=i1_0.product_id 
    where
        oi1_0.id=?
2026-03-04T00:23:17.125+05:30  INFO 21064 --- [ecommerce] [           main] c.s.ecommerce.admin.AdminServiceImpl     : Admin admin@test.com updated order 145 status: CONFIRMED ? CANCELLED
Hibernate: 
    update
        orders 
    set
        idempotency_key=?,
        order_status=?,
        payment_method=?,
        payment_status=?,
        total_amount=?,
        user_id=? 
    where
        id=?
Hibernate: 
    select
        i1_0.product_id,
        i1_0.available_stock,
        p1_0.id,
        p1_0.description,
        p1_0.is_active,
        p1_0.name,
        p1_0.price,
        i1_0.total_stock 
    from
        inventory i1_0 
    join
        products p1_0 
            on p1_0.id=i1_0.product_id 
    where
        i1_0.product_id=?
Hibernate: 
    select
        aal1_0.id,
        aal1_0.action_type,
        aal1_0.admin_email,
        aal1_0.created_at,
        aal1_0.details,
        aal1_0.target_entity,
        aal1_0.target_id 
    from
        admin_audit_logs aal1_0 
    where
        aal1_0.action_type=? 
    fetch
        first ? rows only
Hibernate: 
    DELETE 
    FROM
        admin_audit_logs
Hibernate: 
    DELETE 
    FROM
        order_items
Hibernate: 
    DELETE 
    FROM
        payments
Hibernate: 
    DELETE 
    FROM
        cart_items
Hibernate: 
    DELETE 
    FROM
        orders
Hibernate: 
    DELETE 
    FROM
        carts
Hibernate: 
    DELETE 
    FROM
        inventory
Hibernate: 
    DELETE 
    FROM
        products
Hibernate: 
    DELETE 
    FROM
        users
Hibernate: 
    insert 
    into
        users
        (email, is_active, password, phone_number, role) 
    values
        (?, ?, ?, ?, ?)
Hibernate: 
    insert 
    into
        products
        (description, is_active, name, price) 
    values
        (?, ?, ?, ?)
Hibernate: 
    insert 
    into
        inventory
        (available_stock, total_stock, product_id) 
    values
        (?, ?, ?)
Hibernate: 
    update
        inventory i1_0 
    set
        available_stock=(i1_0.available_stock-?) 
    where
        i1_0.product_id=? 
        and i1_0.available_stock>=?
Hibernate: 
    insert 
    into
        orders
        (created_at, idempotency_key, order_status, payment_method, payment_status, total_amount, user_id) 
    values
        (?, ?, ?, ?, ?, ?, ?)
Hibernate: 
    insert 
    into
        order_items
        (order_id, price_at_purchase, product_id, quantity) 
    values
        (?, ?, ?, ?)
Hibernate: 
    select
        o1_0.id,
        o1_0.created_at,
        o1_0.idempotency_key,
        i1_0.order_id,
        i1_0.id,
        i1_0.price_at_purchase,
        i1_0.product_id,
        p1_0.id,
        p1_0.description,
        p1_0.is_active,
        p1_0.name,
        p1_0.price,
        i1_0.quantity,
        o1_0.order_status,
        o1_0.payment_method,
        o1_0.payment_status,
        o1_0.total_amount,
        o1_0.user_id 
    from
        orders o1_0 
    left join
        order_items i1_0 
            on o1_0.id=i1_0.order_id 
    left join
        products p1_0 
            on p1_0.id=i1_0.product_id 
    where
        o1_0.id=?
Hibernate: 
    select
        p1_0.id,
        p1_0.amount,
        p1_0.created_at,
        p1_0.failure_reason,
        p1_0.gateway_order_id,
        p1_0.gateway_payment_id,
        p1_0.order_id,
        p1_0.payment_link,
        p1_0.payment_method,
        p1_0.payment_status,
        p1_0.updated_at,
        p1_0.upi_transaction_id 
    from
        payments p1_0 
    where
        p1_0.order_id=?
Hibernate: 
    DELETE 
    FROM
        admin_audit_logs
Hibernate: 
    DELETE 
    FROM
        order_items
Hibernate: 
    DELETE 
    FROM
        payments
Hibernate: 
    DELETE 
    FROM
        cart_items
Hibernate: 
    DELETE 
    FROM
        orders
Hibernate: 
    DELETE 
    FROM
        carts
Hibernate: 
    DELETE 
    FROM
        inventory
Hibernate: 
    DELETE 
    FROM
        products
Hibernate: 
    DELETE 
    FROM
        users
Hibernate: 
    insert 
    into
        users
        (email, is_active, password, phone_number, role) 
    values
        (?, ?, ?, ?, ?)
Hibernate: 
    insert 
    into
        products
        (description, is_active, name, price) 
    values
        (?, ?, ?, ?)
Hibernate: 
    insert 
    into
        inventory
        (available_stock, total_stock, product_id) 
    values
        (?, ?, ?)
Hibernate: 
    update
        inventory i1_0 
    set
        available_stock=(i1_0.available_stock-?) 
    where
        i1_0.product_id=? 
        and i1_0.available_stock>=?
Hibernate: 
    insert 
    into
        orders
        (created_at, idempotency_key, order_status, payment_method, payment_status, total_amount, user_id) 
    values
        (?, ?, ?, ?, ?, ?, ?)
Hibernate: 
    insert 
    into
        order_items
        (order_id, price_at_purchase, product_id, quantity) 
    values
        (?, ?, ?, ?)
Hibernate: 
    select
        o1_0.id,
        o1_0.created_at,
        o1_0.idempotency_key,
        i1_0.order_id,
        i1_0.id,
        i1_0.price_at_purchase,
        i1_0.product_id,
        p1_0.id,
        p1_0.description,
        p1_0.is_active,
        p1_0.name,
        p1_0.price,
        i1_0.quantity,
        o1_0.order_status,
        o1_0.payment_method,
        o1_0.payment_status,
        o1_0.total_amount,
        o1_0.user_id 
    from
        orders o1_0 
    left join
        order_items i1_0 
            on o1_0.id=i1_0.order_id 
    left join
        products p1_0 
            on p1_0.id=i1_0.product_id 
    where
        o1_0.id=?
Hibernate: 
    insert 
    into
        admin_audit_logs
        (action_type, admin_email, created_at, details, target_entity, target_id) 
    values
        (?, ?, ?, ?, ?, ?)
2026-03-04T00:23:17.746+05:30  INFO 21064 --- [ecommerce] [           main] c.s.ecommerce.admin.AdminServiceImpl     : Admin admin@test.com updated order 147 status: CONFIRMED ? SHIPPED
Hibernate: 
    select
        aal1_0.id,
        aal1_0.action_type,
        aal1_0.admin_email,
        aal1_0.created_at,
        aal1_0.details,
        aal1_0.target_entity,
        aal1_0.target_id 
    from
        admin_audit_logs aal1_0 
    where
        aal1_0.action_type=? 
    fetch
        first ? rows only
Hibernate: 
    DELETE 
    FROM
        admin_audit_logs
Hibernate: 
    DELETE 
    FROM
        order_items
Hibernate: 
    DELETE 
    FROM
        payments
Hibernate: 
    DELETE 
    FROM
        cart_items
Hibernate: 
    DELETE 
    FROM
        orders
Hibernate: 
    DELETE 
    FROM
        carts
Hibernate: 
    DELETE 
    FROM
        inventory
Hibernate: 
    DELETE 
    FROM
        products
Hibernate: 
    DELETE 
    FROM
        users
Hibernate: 
    insert 
    into
        users
        (email, is_active, password, phone_number, role) 
    values
        (?, ?, ?, ?, ?)
Hibernate: 
    insert 
    into
        products
        (description, is_active, name, price) 
    values
        (?, ?, ?, ?)
Hibernate: 
    insert 
    into
        inventory
        (available_stock, total_stock, product_id) 
    values
        (?, ?, ?)
Hibernate: 
    update
        inventory i1_0 
    set
        available_stock=(i1_0.available_stock-?) 
    where
        i1_0.product_id=? 
        and i1_0.available_stock>=?
Hibernate: 
    insert 
    into
        orders
        (created_at, idempotency_key, order_status, payment_method, payment_status, total_amount, user_id) 
    values
        (?, ?, ?, ?, ?, ?, ?)
Hibernate: 
    insert 
    into
        order_items
        (order_id, price_at_purchase, product_id, quantity) 
    values
        (?, ?, ?, ?)
Hibernate: 
    select
        o1_0.id,
        o1_0.created_at,
        o1_0.idempotency_key,
        i1_0.order_id,
        i1_0.id,
        i1_0.price_at_purchase,
        i1_0.product_id,
        p1_0.id,
        p1_0.description,
        p1_0.is_active,
        p1_0.name,
        p1_0.price,
        i1_0.quantity,
        o1_0.order_status,
        o1_0.payment_method,
        o1_0.payment_status,
        o1_0.total_amount,
        o1_0.user_id 
    from
        orders o1_0 
    left join
        order_items i1_0 
            on o1_0.id=i1_0.order_id 
    left join
        products p1_0 
            on p1_0.id=i1_0.product_id 
    where
        o1_0.id=?
Hibernate: 
    insert 
    into
        admin_audit_logs
        (action_type, admin_email, created_at, details, target_entity, target_id) 
    values
        (?, ?, ?, ?, ?, ?)
2026-03-04T00:23:17.990+05:30  INFO 21064 --- [ecommerce] [           main] c.s.ecommerce.admin.AdminServiceImpl     : Admin admin@test.com updated order 148 status: SHIPPED ? DELIVERED
Hibernate: 
    DELETE 
    FROM
        admin_audit_logs
Hibernate: 
    DELETE 
    FROM
        order_items
Hibernate: 
    DELETE 
    FROM
        payments
Hibernate: 
    DELETE 
    FROM
        cart_items
Hibernate: 
    DELETE 
    FROM
        orders
Hibernate: 
    DELETE 
    FROM
        carts
Hibernate: 
    DELETE 
    FROM
        inventory
Hibernate: 
    DELETE 
    FROM
        products
Hibernate: 
    DELETE 
    FROM
        users
Hibernate: 
    insert 
    into
        users
        (email, is_active, password, phone_number, role) 
    values
        (?, ?, ?, ?, ?)
Hibernate: 
    insert 
    into
        products
        (description, is_active, name, price) 
    values
        (?, ?, ?, ?)
Hibernate: 
    insert 
    into
        inventory
        (available_stock, total_stock, product_id) 
    values
        (?, ?, ?)
Hibernate: 
    update
        inventory i1_0 
    set
        available_stock=(i1_0.available_stock-?) 
    where
        i1_0.product_id=? 
        and i1_0.available_stock>=?
Hibernate: 
    insert 
    into
        orders
        (created_at, idempotency_key, order_status, payment_method, payment_status, total_amount, user_id) 
    values
        (?, ?, ?, ?, ?, ?, ?)
Hibernate: 
    insert 
    into
        order_items
        (order_id, price_at_purchase, product_id, quantity) 
    values
        (?, ?, ?, ?)
Hibernate: 
    update
        inventory i1_0 
    set
        available_stock=(i1_0.available_stock-?) 
    where
        i1_0.product_id=? 
        and i1_0.available_stock>=?
Hibernate: 
    insert 
    into
        orders
        (created_at, idempotency_key, order_status, payment_method, payment_status, total_amount, user_id) 
    values
        (?, ?, ?, ?, ?, ?, ?)
Hibernate: 
    insert 
    into
        order_items
        (order_id, price_at_purchase, product_id, quantity) 
    values
        (?, ?, ?, ?)
Hibernate: 
    update
        inventory i1_0 
    set
        available_stock=(i1_0.available_stock-?) 
    where
        i1_0.product_id=? 
        and i1_0.available_stock>=?
Hibernate: 
    insert 
    into
        orders
        (created_at, idempotency_key, order_status, payment_method, payment_status, total_amount, user_id) 
    values
        (?, ?, ?, ?, ?, ?, ?)
Hibernate: 
    insert 
    into
        order_items
        (order_id, price_at_purchase, product_id, quantity) 
    values
        (?, ?, ?, ?)
Hibernate: 
    select
        o1_0.id,
        o1_0.created_at,
        o1_0.idempotency_key,
        o1_0.order_status,
        o1_0.payment_method,
        o1_0.payment_status,
        o1_0.total_amount,
        o1_0.user_id 
    from
        orders o1_0 
    offset
        ? rows 
    fetch
        first ? rows only
Hibernate: 
    select
        u1_0.id,
        u1_0.email,
        u1_0.is_active,
        u1_0.password,
        u1_0.phone_number,
        u1_0.role 
    from
        users u1_0 
    where
        u1_0.id=?
Hibernate: 
    select
        i1_0.order_id,
        i1_0.id,
        i1_0.price_at_purchase,
        i1_0.product_id,
        p1_0.id,
        p1_0.description,
        i2_0.product_id,
        i2_0.available_stock,
        i2_0.total_stock,
        p1_0.is_active,
        p1_0.name,
        p1_0.price,
        i1_0.quantity 
    from
        order_items i1_0 
    left join
        products p1_0 
            on p1_0.id=i1_0.product_id 
    left join
        inventory i2_0 
            on p1_0.id=i2_0.product_id 
    where
        i1_0.order_id=?
Hibernate: 
    select
        i1_0.order_id,
        i1_0.id,
        i1_0.price_at_purchase,
        i1_0.product_id,
        p1_0.id,
        p1_0.description,
        i2_0.product_id,
        i2_0.available_stock,
        i2_0.total_stock,
        p1_0.is_active,
        p1_0.name,
        p1_0.price,
        i1_0.quantity 
    from
        order_items i1_0 
    left join
        products p1_0 
            on p1_0.id=i1_0.product_id 
    left join
        inventory i2_0 
            on p1_0.id=i2_0.product_id 
    where
        i1_0.order_id=?
Hibernate: 
    DELETE 
    FROM
        admin_audit_logs
Hibernate: 
    DELETE 
    FROM
        order_items
Hibernate: 
    DELETE 
    FROM
        payments
Hibernate: 
    DELETE 
    FROM
        cart_items
Hibernate: 
    DELETE 
    FROM
        orders
Hibernate: 
    DELETE 
    FROM
        carts
Hibernate: 
    DELETE 
    FROM
        inventory
Hibernate: 
    DELETE 
    FROM
        products
Hibernate: 
    DELETE 
    FROM
        users
Hibernate: 
    insert 
    into
        users
        (email, is_active, password, phone_number, role) 
    values
        (?, ?, ?, ?, ?)
Hibernate: 
    insert 
    into
        products
        (description, is_active, name, price) 
    values
        (?, ?, ?, ?)
Hibernate: 
    insert 
    into
        inventory
        (available_stock, total_stock, product_id) 
    values
        (?, ?, ?)
Hibernate: 
    update
        inventory i1_0 
    set
        available_stock=(i1_0.available_stock-?) 
    where
        i1_0.product_id=? 
        and i1_0.available_stock>=?
Hibernate: 
    insert 
    into
        orders
        (created_at, idempotency_key, order_status, payment_method, payment_status, total_amount, user_id) 
    values
        (?, ?, ?, ?, ?, ?, ?)
Hibernate: 
    insert 
    into
        order_items
        (order_id, price_at_purchase, product_id, quantity) 
    values
        (?, ?, ?, ?)
Hibernate: 
    update
        inventory i1_0 
    set
        available_stock=(i1_0.available_stock-?) 
    where
        i1_0.product_id=? 
        and i1_0.available_stock>=?
Hibernate: 
    insert 
    into
        orders
        (created_at, idempotency_key, order_status, payment_method, payment_status, total_amount, user_id) 
    values
        (?, ?, ?, ?, ?, ?, ?)
Hibernate: 
    insert 
    into
        order_items
        (order_id, price_at_purchase, product_id, quantity) 
    values
        (?, ?, ?, ?)
Hibernate: 
    select
        o1_0.id,
        o1_0.created_at,
        o1_0.idempotency_key,
        o1_0.order_status,
        o1_0.payment_method,
        o1_0.payment_status,
        o1_0.total_amount,
        o1_0.user_id 
    from
        orders o1_0 
    where
        o1_0.order_status=? 
    fetch
        first ? rows only
Hibernate: 
    select
        u1_0.id,
        u1_0.email,
        u1_0.is_active,
        u1_0.password,
        u1_0.phone_number,
        u1_0.role 
    from
        users u1_0 
    where
        u1_0.id=?
Hibernate: 
    select
        i1_0.order_id,
        i1_0.id,
        i1_0.price_at_purchase,
        i1_0.product_id,
        p1_0.id,
        p1_0.description,
        i2_0.product_id,
        i2_0.available_stock,
        i2_0.total_stock,
        p1_0.is_active,
        p1_0.name,
        p1_0.price,
        i1_0.quantity 
    from
        order_items i1_0 
    left join
        products p1_0 
            on p1_0.id=i1_0.product_id 
    left join
        inventory i2_0 
            on p1_0.id=i2_0.product_id 
    where
        i1_0.order_id=?
Hibernate: 
    DELETE 
    FROM
        admin_audit_logs
Hibernate: 
    DELETE 
    FROM
        order_items
Hibernate: 
    DELETE 
    FROM
        payments
Hibernate: 
    DELETE 
    FROM
        cart_items
Hibernate: 
    DELETE 
    FROM
        orders
Hibernate: 
    DELETE 
    FROM
        carts
Hibernate: 
    DELETE 
    FROM
        inventory
Hibernate: 
    DELETE 
    FROM
        products
Hibernate: 
    DELETE 
    FROM
        users
Hibernate: 
    insert 
    into
        users
        (email, is_active, password, phone_number, role) 
    values
        (?, ?, ?, ?, ?)
Hibernate: 
    insert 
    into
        products
        (description, is_active, name, price) 
    values
        (?, ?, ?, ?)
Hibernate: 
    insert 
    into
        inventory
        (available_stock, total_stock, product_id) 
    values
        (?, ?, ?)
Hibernate: 
    update
        inventory i1_0 
    set
        available_stock=(i1_0.available_stock-?) 
    where
        i1_0.product_id=? 
        and i1_0.available_stock>=?
Hibernate: 
    insert 
    into
        orders
        (created_at, idempotency_key, order_status, payment_method, payment_status, total_amount, user_id) 
    values
        (?, ?, ?, ?, ?, ?, ?)
Hibernate: 
    insert 
    into
        order_items
        (order_id, price_at_purchase, product_id, quantity) 
    values
        (?, ?, ?, ?)
Hibernate: 
    update
        inventory i1_0 
    set
        available_stock=(i1_0.available_stock-?) 
    where
        i1_0.product_id=? 
        and i1_0.available_stock>=?
Hibernate: 
    insert 
    into
        orders
        (created_at, idempotency_key, order_status, payment_method, payment_status, total_amount, user_id) 
    values
        (?, ?, ?, ?, ?, ?, ?)
Hibernate: 
    insert 
    into
        order_items
        (order_id, price_at_purchase, product_id, quantity) 
    values
        (?, ?, ?, ?)
Hibernate: 
    select
        o1_0.id,
        o1_0.created_at,
        o1_0.idempotency_key,
        o1_0.order_status,
        o1_0.payment_method,
        o1_0.payment_status,
        o1_0.total_amount,
        o1_0.user_id 
    from
        orders o1_0 
    where
        o1_0.payment_status=? 
    fetch
        first ? rows only
Hibernate: 
    select
        u1_0.id,
        u1_0.email,
        u1_0.is_active,
        u1_0.password,
        u1_0.phone_number,
        u1_0.role 
    from
        users u1_0 
    where
        u1_0.id=?
[INFO] Tests run: 7, Failures: 0, Errors: 0, Skipped: 0, Time elapsed: 2.194 s -- in Order Management
[INFO] Running Audit Logs
2026-03-04T00:23:18.902+05:30  INFO 21064 --- [ecommerce] [           main] t.c.s.AnnotationConfigContextLoaderUtils : Could not detect default configuration classes for test class [com.spring.ecommerce.admin.AdminServiceIntegrationTest$AuditLogTests]: AuditLogTests does not declare any static, non-private, non-final, nested classes annotated with @Configuration.
2026-03-04T00:23:18.905+05:30  INFO 21064 --- [ecommerce] [           main] .b.t.c.SpringBootTestContextBootstrapper : Found @SpringBootConfiguration com.spring.ecommerce.EcommerceApplication for test class com.spring.ecommerce.admin.AdminServiceIntegrationTest$AuditLogTests
Hibernate: 
    DELETE 
    FROM
        admin_audit_logs
Hibernate: 
    DELETE 
    FROM
        order_items
Hibernate: 
    DELETE 
    FROM
        payments
Hibernate: 
    DELETE 
    FROM
        cart_items
Hibernate: 
    DELETE 
    FROM
        orders
Hibernate: 
    DELETE 
    FROM
        carts
Hibernate: 
    DELETE 
    FROM
        inventory
Hibernate: 
    DELETE 
    FROM
        products
Hibernate: 
    DELETE 
    FROM
        users
Hibernate: 
    insert 
    into
        users
        (email, is_active, password, phone_number, role) 
    values
        (?, ?, ?, ?, ?)
Hibernate: 
    insert 
    into
        products
        (description, is_active, name, price) 
    values
        (?, ?, ?, ?)
Hibernate: 
    insert 
    into
        inventory
        (available_stock, total_stock, product_id) 
    values
        (?, ?, ?)
Hibernate: 
    update
        inventory i1_0 
    set
        available_stock=(i1_0.available_stock-?) 
    where
        i1_0.product_id=? 
        and i1_0.available_stock>=?
Hibernate: 
    insert 
    into
        orders
        (created_at, idempotency_key, order_status, payment_method, payment_status, total_amount, user_id) 
    values
        (?, ?, ?, ?, ?, ?, ?)
Hibernate: 
    insert 
    into
        order_items
        (order_id, price_at_purchase, product_id, quantity) 
    values
        (?, ?, ?, ?)
Hibernate: 
    select
        o1_0.id,
        o1_0.created_at,
        o1_0.idempotency_key,
        i1_0.order_id,
        i1_0.id,
        i1_0.price_at_purchase,
        i1_0.product_id,
        p1_0.id,
        p1_0.description,
        p1_0.is_active,
        p1_0.name,
        p1_0.price,
        i1_0.quantity,
        o1_0.order_status,
        o1_0.payment_method,
        o1_0.payment_status,
        o1_0.total_amount,
        o1_0.user_id 
    from
        orders o1_0 
    left join
        order_items i1_0 
            on o1_0.id=i1_0.order_id 
    left join
        products p1_0 
            on p1_0.id=i1_0.product_id 
    where
        o1_0.id=?
Hibernate: 
    insert 
    into
        admin_audit_logs
        (action_type, admin_email, created_at, details, target_entity, target_id) 
    values
        (?, ?, ?, ?, ?, ?)
2026-03-04T00:23:19.155+05:30  INFO 21064 --- [ecommerce] [           main] c.s.ecommerce.admin.AdminServiceImpl     : Admin admin-alpha@test.com updated order 156 status: CONFIRMED ? SHIPPED
Hibernate: 
    select
        i1_0.product_id,
        i1_0.available_stock,
        p1_0.id,
        p1_0.description,
        p1_0.is_active,
        p1_0.name,
        p1_0.price,
        i1_0.total_stock 
    from
        inventory i1_0 
    join
        products p1_0 
            on p1_0.id=i1_0.product_id 
    where
        i1_0.product_id=?
Hibernate: 
    update
        orders 
    set
        idempotency_key=?,
        order_status=?,
        payment_method=?,
        payment_status=?,
        total_amount=?,
        user_id=? 
    where
        id=?
Hibernate: 
    update
        inventory i1_0 
    set
        available_stock=?,
        total_stock=? 
    where
        i1_0.product_id=?
Hibernate: 
    insert 
    into
        admin_audit_logs
        (action_type, admin_email, created_at, details, target_entity, target_id) 
    values
        (?, ?, ?, ?, ?, ?)
2026-03-04T00:23:19.168+05:30  INFO 21064 --- [ecommerce] [           main] c.s.ecommerce.admin.AdminServiceImpl     : Admin admin-beta@test.com set inventory for product 125 to 100 (was 49)
Hibernate: 
    select
        i1_0.product_id,
        i1_0.available_stock,
        p1_0.id,
        p1_0.description,
        p1_0.is_active,
        p1_0.name,
        p1_0.price,
        i1_0.total_stock 
    from
        inventory i1_0 
    join
        products p1_0 
            on p1_0.id=i1_0.product_id 
    where
        i1_0.product_id=?
Hibernate: 
    select
        aal1_0.id,
        aal1_0.action_type,
        aal1_0.admin_email,
        aal1_0.created_at,
        aal1_0.details,
        aal1_0.target_entity,
        aal1_0.target_id 
    from
        admin_audit_logs aal1_0 
    where
        aal1_0.admin_email=? 
    fetch
        first ? rows only
Hibernate: 
    select
        aal1_0.id,
        aal1_0.action_type,
        aal1_0.admin_email,
        aal1_0.created_at,
        aal1_0.details,
        aal1_0.target_entity,
        aal1_0.target_id 
    from
        admin_audit_logs aal1_0 
    where
        aal1_0.admin_email=? 
    fetch
        first ? rows only
Hibernate: 
    DELETE 
    FROM
        admin_audit_logs
Hibernate: 
    DELETE 
    FROM
        order_items
Hibernate: 
    DELETE 
    FROM
        payments
Hibernate: 
    DELETE 
    FROM
        cart_items
Hibernate: 
    DELETE 
    FROM
        orders
Hibernate: 
    DELETE 
    FROM
        carts
Hibernate: 
    DELETE 
    FROM
        inventory
Hibernate: 
    DELETE 
    FROM
        products
Hibernate: 
    DELETE 
    FROM
        users
Hibernate: 
    insert 
    into
        users
        (email, is_active, password, phone_number, role) 
    values
        (?, ?, ?, ?, ?)
Hibernate: 
    insert 
    into
        products
        (description, is_active, name, price) 
    values
        (?, ?, ?, ?)
Hibernate: 
    insert 
    into
        inventory
        (available_stock, total_stock, product_id) 
    values
        (?, ?, ?)
Hibernate: 
    update
        inventory i1_0 
    set
        available_stock=(i1_0.available_stock-?) 
    where
        i1_0.product_id=? 
        and i1_0.available_stock>=?
Hibernate: 
    insert 
    into
        orders
        (created_at, idempotency_key, order_status, payment_method, payment_status, total_amount, user_id) 
    values
        (?, ?, ?, ?, ?, ?, ?)
Hibernate: 
    insert 
    into
        order_items
        (order_id, price_at_purchase, product_id, quantity) 
    values
        (?, ?, ?, ?)
Hibernate: 
    update
        inventory i1_0 
    set
        available_stock=(i1_0.available_stock-?) 
    where
        i1_0.product_id=? 
        and i1_0.available_stock>=?
Hibernate: 
    insert 
    into
        orders
        (created_at, idempotency_key, order_status, payment_method, payment_status, total_amount, user_id) 
    values
        (?, ?, ?, ?, ?, ?, ?)
Hibernate: 
    insert 
    into
        order_items
        (order_id, price_at_purchase, product_id, quantity) 
    values
        (?, ?, ?, ?)
Hibernate: 
    select
        o1_0.id,
        o1_0.created_at,
        o1_0.idempotency_key,
        i1_0.order_id,
        i1_0.id,
        i1_0.price_at_purchase,
        i1_0.product_id,
        p1_0.id,
        p1_0.description,
        p1_0.is_active,
        p1_0.name,
        p1_0.price,
        i1_0.quantity,
        o1_0.order_status,
        o1_0.payment_method,
        o1_0.payment_status,
        o1_0.total_amount,
        o1_0.user_id 
    from
        orders o1_0 
    left join
        order_items i1_0 
            on o1_0.id=i1_0.order_id 
    left join
        products p1_0 
            on p1_0.id=i1_0.product_id 
    where
        o1_0.id=?
Hibernate: 
    insert 
    into
        admin_audit_logs
        (action_type, admin_email, created_at, details, target_entity, target_id) 
    values
        (?, ?, ?, ?, ?, ?)
2026-03-04T00:23:19.382+05:30  INFO 21064 --- [ecommerce] [           main] c.s.ecommerce.admin.AdminServiceImpl     : Admin admin@test.com updated order 157 status: CONFIRMED ? SHIPPED
Hibernate: 
    select
        u1_0.id,
        u1_0.email,
        u1_0.is_active,
        u1_0.password,
        u1_0.phone_number,
        u1_0.role 
    from
        users u1_0 
    where
        u1_0.id=?
Hibernate: 
    update
        orders 
    set
        idempotency_key=?,
        order_status=?,
        payment_method=?,
        payment_status=?,
        total_amount=?,
        user_id=? 
    where
        id=?
Hibernate: 
    select
        o1_0.id,
        o1_0.created_at,
        o1_0.idempotency_key,
        i1_0.order_id,
        i1_0.id,
        i1_0.price_at_purchase,
        i1_0.product_id,
        p1_0.id,
        p1_0.description,
        p1_0.is_active,
        p1_0.name,
        p1_0.price,
        i1_0.quantity,
        o1_0.order_status,
        o1_0.payment_method,
        o1_0.payment_status,
        o1_0.total_amount,
        o1_0.user_id 
    from
        orders o1_0 
    left join
        order_items i1_0 
            on o1_0.id=i1_0.order_id 
    left join
        products p1_0 
            on p1_0.id=i1_0.product_id 
    where
        o1_0.id=?
Hibernate: 
    insert 
    into
        admin_audit_logs
        (action_type, admin_email, created_at, details, target_entity, target_id) 
    values
        (?, ?, ?, ?, ?, ?)
2026-03-04T00:23:19.394+05:30  INFO 21064 --- [ecommerce] [           main] c.s.ecommerce.admin.AdminServiceImpl     : Admin admin@test.com updated order 158 status: SHIPPED ? DELIVERED
Hibernate: 
    select
        aal1_0.id,
        aal1_0.action_type,
        aal1_0.admin_email,
        aal1_0.created_at,
        aal1_0.details,
        aal1_0.target_entity,
        aal1_0.target_id 
    from
        admin_audit_logs aal1_0 
    where
        aal1_0.action_type=? 
    fetch
        first ? rows only
Hibernate: 
    select
        aal1_0.id,
        aal1_0.action_type,
        aal1_0.admin_email,
        aal1_0.created_at,
        aal1_0.details,
        aal1_0.target_entity,
        aal1_0.target_id 
    from
        admin_audit_logs aal1_0 
    where
        aal1_0.action_type=? 
    fetch
        first ? rows only
[INFO] Tests run: 2, Failures: 0, Errors: 0, Skipped: 0, Time elapsed: 0.509 s -- in Audit Logs
[INFO] Running Payment Management
2026-03-04T00:23:19.415+05:30  INFO 21064 --- [ecommerce] [           main] t.c.s.AnnotationConfigContextLoaderUtils : Could not detect default configuration classes for test class [com.spring.ecommerce.admin.AdminServiceIntegrationTest$PaymentManagementTests]: PaymentManagementTests does not declare any static, non-private, non-final, nested classes annotated with @Configuration.
2026-03-04T00:23:19.419+05:30  INFO 21064 --- [ecommerce] [           main] .b.t.c.SpringBootTestContextBootstrapper : Found @SpringBootConfiguration com.spring.ecommerce.EcommerceApplication for test class com.spring.ecommerce.admin.AdminServiceIntegrationTest$PaymentManagementTests
Hibernate: 
    DELETE 
    FROM
        admin_audit_logs
Hibernate: 
    DELETE 
    FROM
        order_items
Hibernate: 
    DELETE 
    FROM
        payments
Hibernate: 
    DELETE 
    FROM
        cart_items
Hibernate: 
    DELETE 
    FROM
        orders
Hibernate: 
    DELETE 
    FROM
        carts
Hibernate: 
    DELETE 
    FROM
        inventory
Hibernate: 
    DELETE 
    FROM
        products
Hibernate: 
    DELETE 
    FROM
        users
Hibernate: 
    insert 
    into
        users
        (email, is_active, password, phone_number, role) 
    values
        (?, ?, ?, ?, ?)
Hibernate: 
    insert 
    into
        products
        (description, is_active, name, price) 
    values
        (?, ?, ?, ?)
Hibernate: 
    insert 
    into
        inventory
        (available_stock, total_stock, product_id) 
    values
        (?, ?, ?)
Hibernate: 
    update
        inventory i1_0 
    set
        available_stock=(i1_0.available_stock-?) 
    where
        i1_0.product_id=? 
        and i1_0.available_stock>=?
Hibernate: 
    insert 
    into
        orders
        (created_at, idempotency_key, order_status, payment_method, payment_status, total_amount, user_id) 
    values
        (?, ?, ?, ?, ?, ?, ?)
Hibernate: 
    insert 
    into
        order_items
        (order_id, price_at_purchase, product_id, quantity) 
    values
        (?, ?, ?, ?)
Hibernate: 
    insert 
    into
        payments
        (amount, created_at, failure_reason, gateway_order_id, gateway_payment_id, order_id, payment_link, payment_method, payment_status, updated_at, upi_transaction_id) 
    values
        (?, ?, ?, ?, ?, ?, ?, ?, ?, ?, ?)
Hibernate: 
    DELETE 
    FROM
        admin_audit_logs
Hibernate: 
    DELETE 
    FROM
        order_items
Hibernate: 
    DELETE 
    FROM
        payments
Hibernate: 
    DELETE 
    FROM
        cart_items
Hibernate: 
    DELETE 
    FROM
        orders
Hibernate: 
    DELETE 
    FROM
        carts
Hibernate: 
    DELETE 
    FROM
        inventory
Hibernate: 
    DELETE 
    FROM
        products
Hibernate: 
    DELETE 
    FROM
        users
Hibernate: 
    insert 
    into
        users
        (email, is_active, password, phone_number, role) 
    values
        (?, ?, ?, ?, ?)
Hibernate: 
    insert 
    into
        products
        (description, is_active, name, price) 
    values
        (?, ?, ?, ?)
Hibernate: 
    insert 
    into
        inventory
        (available_stock, total_stock, product_id) 
    values
        (?, ?, ?)
Hibernate: 
    update
        inventory i1_0 
    set
        available_stock=(i1_0.available_stock-?) 
    where
        i1_0.product_id=? 
        and i1_0.available_stock>=?
Hibernate: 
    insert 
    into
        orders
        (created_at, idempotency_key, order_status, payment_method, payment_status, total_amount, user_id) 
    values
        (?, ?, ?, ?, ?, ?, ?)
Hibernate: 
    insert 
    into
        order_items
        (order_id, price_at_purchase, product_id, quantity) 
    values
        (?, ?, ?, ?)
Hibernate: 
    insert 
    into
        orders
        (created_at, idempotency_key, order_status, payment_method, payment_status, total_amount, user_id) 
    values
        (?, ?, ?, ?, ?, ?, ?)
Hibernate: 
    insert 
    into
        order_items
        (order_id, price_at_purchase, product_id, quantity) 
    values
        (?, ?, ?, ?)
Hibernate: 
    update
        inventory i1_0 
    set
        available_stock=(i1_0.available_stock-?) 
    where
        i1_0.product_id=? 
        and i1_0.available_stock>=?
Hibernate: 
    insert 
    into
        orders
        (created_at, idempotency_key, order_status, payment_method, payment_status, total_amount, user_id) 
    values
        (?, ?, ?, ?, ?, ?, ?)
Hibernate: 
    insert 
    into
        order_items
        (order_id, price_at_purchase, product_id, quantity) 
    values
        (?, ?, ?, ?)
Hibernate: 
    insert 
    into
        payments
        (amount, created_at, failure_reason, gateway_order_id, gateway_payment_id, order_id, payment_link, payment_method, payment_status, updated_at, upi_transaction_id) 
    values
        (?, ?, ?, ?, ?, ?, ?, ?, ?, ?, ?)
Hibernate: 
    insert 
    into
        payments
        (amount, created_at, failure_reason, gateway_order_id, gateway_payment_id, order_id, payment_link, payment_method, payment_status, updated_at, upi_transaction_id) 
    values
        (?, ?, ?, ?, ?, ?, ?, ?, ?, ?, ?)
Hibernate: 
    insert 
    into
        payments
        (amount, created_at, failure_reason, gateway_order_id, gateway_payment_id, order_id, payment_link, payment_method, payment_status, updated_at, upi_transaction_id) 
    values
        (?, ?, ?, ?, ?, ?, ?, ?, ?, ?, ?)
Hibernate: 
    select
        p1_0.id,
        p1_0.amount,
        p1_0.created_at,
        p1_0.failure_reason,
        p1_0.gateway_order_id,
        p1_0.gateway_payment_id,
        p1_0.order_id,
        p1_0.payment_link,
        p1_0.payment_method,
        p1_0.payment_status,
        p1_0.updated_at,
        p1_0.upi_transaction_id 
    from
        payments p1_0 
    where
        p1_0.payment_status=? 
    fetch
        first ? rows only
Hibernate: 
    select
        o1_0.id,
        o1_0.created_at,
        o1_0.idempotency_key,
        o1_0.order_status,
        o1_0.payment_method,
        o1_0.payment_status,
        o1_0.total_amount,
        o1_0.user_id,
        u1_0.id,
        u1_0.email,
        u1_0.is_active,
        u1_0.password,
        u1_0.phone_number,
        u1_0.role 
    from
        orders o1_0 
    join
        users u1_0 
            on u1_0.id=o1_0.user_id 
    where
        o1_0.id=?
Hibernate: 
    DELETE 
    FROM
        admin_audit_logs
Hibernate: 
    DELETE 
    FROM
        order_items
Hibernate: 
    DELETE 
    FROM
        payments
Hibernate: 
    DELETE 
    FROM
        cart_items
Hibernate: 
    DELETE 
    FROM
        orders
Hibernate: 
    DELETE 
    FROM
        carts
Hibernate: 
    DELETE 
    FROM
        inventory
Hibernate: 
    DELETE 
    FROM
        products
Hibernate: 
    DELETE 
    FROM
        users
Hibernate: 
    insert 
    into
        users
        (email, is_active, password, phone_number, role) 
    values
        (?, ?, ?, ?, ?)
Hibernate: 
    insert 
    into
        products
        (description, is_active, name, price) 
    values
        (?, ?, ?, ?)
Hibernate: 
    insert 
    into
        inventory
        (available_stock, total_stock, product_id) 
    values
        (?, ?, ?)
Hibernate: 
    update
        inventory i1_0 
    set
        available_stock=(i1_0.available_stock-?) 
    where
        i1_0.product_id=? 
        and i1_0.available_stock>=?
Hibernate: 
    insert 
    into
        orders
        (created_at, idempotency_key, order_status, payment_method, payment_status, total_amount, user_id) 
    values
        (?, ?, ?, ?, ?, ?, ?)
Hibernate: 
    insert 
    into
        order_items
        (order_id, price_at_purchase, product_id, quantity) 
    values
        (?, ?, ?, ?)
Hibernate: 
    insert 
    into
        payments
        (amount, created_at, failure_reason, gateway_order_id, gateway_payment_id, order_id, payment_link, payment_method, payment_status, updated_at, upi_transaction_id) 
    values
        (?, ?, ?, ?, ?, ?, ?, ?, ?, ?, ?)
Hibernate: 
    select
        p1_0.id,
        p1_0.amount,
        p1_0.created_at,
        p1_0.failure_reason,
        p1_0.gateway_order_id,
        p1_0.gateway_payment_id,
        p1_0.order_id,
        p1_0.payment_link,
        p1_0.payment_method,
        p1_0.payment_status,
        p1_0.updated_at,
        p1_0.upi_transaction_id 
    from
        payments p1_0 
    where
        p1_0.order_id=?
2026-03-04T00:23:20.077+05:30  INFO 21064 --- [ecommerce] [           main] c.s.e.payment.PaymentServiceImpl         : Payment SUCCESS for order 163: gatewayPaymentId=pay_admin_999, upiTxnId=null
Hibernate: 
    insert 
    into
        admin_audit_logs
        (action_type, admin_email, created_at, details, target_entity, target_id) 
    values
        (?, ?, ?, ?, ?, ?)
2026-03-04T00:23:20.083+05:30  INFO 21064 --- [ecommerce] [           main] c.s.ecommerce.admin.AdminServiceImpl     : Admin admin@test.com updated payment 85 status: AWAITING_PAYMENT ? SUCCESS
Hibernate: 
    update
        orders 
    set
        idempotency_key=?,
        order_status=?,
        payment_method=?,
        payment_status=?,
        total_amount=?,
        user_id=? 
    where
        id=?
Hibernate: 
    update
        payments 
    set
        amount=?,
        failure_reason=?,
        gateway_order_id=?,
        gateway_payment_id=?,
        order_id=?,
        payment_link=?,
        payment_method=?,
        payment_status=?,
        updated_at=?,
        upi_transaction_id=? 
    where
        id=?
Hibernate: 
    select
        o1_0.id,
        o1_0.created_at,
        o1_0.idempotency_key,
        o1_0.order_status,
        o1_0.payment_method,
        o1_0.payment_status,
        o1_0.total_amount,
        o1_0.user_id,
        u1_0.id,
        u1_0.email,
        u1_0.is_active,
        u1_0.password,
        u1_0.phone_number,
        u1_0.role 
    from
        orders o1_0 
    join
        users u1_0 
            on u1_0.id=o1_0.user_id 
    where
        o1_0.id=?
Hibernate: 
    select
        aal1_0.id,
        aal1_0.action_type,
        aal1_0.admin_email,
        aal1_0.created_at,
        aal1_0.details,
        aal1_0.target_entity,
        aal1_0.target_id 
    from
        admin_audit_logs aal1_0 
    where
        aal1_0.action_type=? 
    fetch
        first ? rows only
Hibernate: 
    DELETE 
    FROM
        admin_audit_logs
Hibernate: 
    DELETE 
    FROM
        order_items
Hibernate: 
    DELETE 
    FROM
        payments
Hibernate: 
    DELETE 
    FROM
        cart_items
Hibernate: 
    DELETE 
    FROM
        orders
Hibernate: 
    DELETE 
    FROM
        carts
Hibernate: 
    DELETE 
    FROM
        inventory
Hibernate: 
    DELETE 
    FROM
        products
Hibernate: 
    DELETE 
    FROM
        users
Hibernate: 
    insert 
    into
        users
        (email, is_active, password, phone_number, role) 
    values
        (?, ?, ?, ?, ?)
Hibernate: 
    insert 
    into
        products
        (description, is_active, name, price) 
    values
        (?, ?, ?, ?)
Hibernate: 
    insert 
    into
        inventory
        (available_stock, total_stock, product_id) 
    values
        (?, ?, ?)
Hibernate: 
    update
        inventory i1_0 
    set
        available_stock=(i1_0.available_stock-?) 
    where
        i1_0.product_id=? 
        and i1_0.available_stock>=?
Hibernate: 
    insert 
    into
        orders
        (created_at, idempotency_key, order_status, payment_method, payment_status, total_amount, user_id) 
    values
        (?, ?, ?, ?, ?, ?, ?)
Hibernate: 
    insert 
    into
        order_items
        (order_id, price_at_purchase, product_id, quantity) 
    values
        (?, ?, ?, ?)
Hibernate: 
    insert 
    into
        payments
        (amount, created_at, failure_reason, gateway_order_id, gateway_payment_id, order_id, payment_link, payment_method, payment_status, updated_at, upi_transaction_id) 
    values
        (?, ?, ?, ?, ?, ?, ?, ?, ?, ?, ?)
Hibernate: 
    select
        o1_0.id,
        o1_0.created_at,
        o1_0.idempotency_key,
        i1_0.order_id,
        i1_0.id,
        i1_0.price_at_purchase,
        i1_0.product_id,
        p1_0.id,
        p1_0.description,
        p1_0.is_active,
        p1_0.name,
        p1_0.price,
        i1_0.quantity,
        o1_0.order_status,
        o1_0.payment_method,
        o1_0.payment_status,
        o1_0.total_amount,
        o1_0.user_id 
    from
        orders o1_0 
    left join
        order_items i1_0 
            on o1_0.id=i1_0.order_id 
    left join
        products p1_0 
            on p1_0.id=i1_0.product_id 
    where
        o1_0.id=?
Hibernate: 
    select
        p1_0.id,
        p1_0.amount,
        p1_0.created_at,
        p1_0.failure_reason,
        p1_0.gateway_order_id,
        p1_0.gateway_payment_id,
        p1_0.order_id,
        p1_0.payment_link,
        p1_0.payment_method,
        p1_0.payment_status,
        p1_0.updated_at,
        p1_0.upi_transaction_id 
    from
        payments p1_0 
    where
        p1_0.order_id=?
2026-03-04T00:23:20.300+05:30  INFO 21064 --- [ecommerce] [           main] c.s.e.payment.PaymentServiceImpl         : Starting saga compensation for order 164
Hibernate: 
    update
        inventory i1_0 
    set
        available_stock=(i1_0.available_stock+?) 
    where
        i1_0.product_id=?
2026-03-04T00:23:20.304+05:30  INFO 21064 --- [ecommerce] [           main] c.s.e.payment.PaymentServiceImpl         : Restored 5 units of product 130 for order 164
Hibernate: 
    select
        p1_0.id,
        p1_0.amount,
        p1_0.created_at,
        p1_0.failure_reason,
        p1_0.gateway_order_id,
        p1_0.gateway_payment_id,
        p1_0.order_id,
        o1_0.id,
        o1_0.created_at,
        o1_0.idempotency_key,
        o1_0.order_status,
        o1_0.payment_method,
        o1_0.payment_status,
        o1_0.total_amount,
        o1_0.user_id,
        u1_0.id,
        u1_0.email,
        u1_0.is_active,
        u1_0.password,
        u1_0.phone_number,
        u1_0.role,
        p1_0.payment_link,
        p1_0.payment_method,
        p1_0.payment_status,
        p1_0.updated_at,
        p1_0.upi_transaction_id 
    from
        payments p1_0 
    join
        orders o1_0 
            on o1_0.id=p1_0.order_id 
    join
        users u1_0 
            on u1_0.id=o1_0.user_id 
    where
        p1_0.id=?
Hibernate: 
    select
        oi1_0.id,
        oi1_0.order_id,
        o1_0.id,
        o1_0.created_at,
        o1_0.idempotency_key,
        o1_0.order_status,
        o1_0.payment_method,
        o1_0.payment_status,
        o1_0.total_amount,
        o1_0.user_id,
        u1_0.id,
        u1_0.email,
        u1_0.is_active,
        u1_0.password,
        u1_0.phone_number,
        u1_0.role,
        oi1_0.price_at_purchase,
        oi1_0.product_id,
        p1_0.id,
        p1_0.description,
        i1_0.product_id,
        i1_0.available_stock,
        i1_0.total_stock,
        p1_0.is_active,
        p1_0.name,
        p1_0.price,
        oi1_0.quantity 
    from
        order_items oi1_0 
    join
        orders o1_0 
            on o1_0.id=oi1_0.order_id 
    join
        users u1_0 
            on u1_0.id=o1_0.user_id 
    join
        products p1_0 
            on p1_0.id=oi1_0.product_id 
    join
        inventory i1_0 
            on p1_0.id=i1_0.product_id 
    where
        oi1_0.id=?
2026-03-04T00:23:20.318+05:30  INFO 21064 --- [ecommerce] [           main] c.s.e.payment.PaymentServiceImpl         : Payment FAILED for order 164: reason=Card declined by bank
Hibernate: 
    insert 
    into
        admin_audit_logs
        (action_type, admin_email, created_at, details, target_entity, target_id) 
    values
        (?, ?, ?, ?, ?, ?)
2026-03-04T00:23:20.321+05:30  INFO 21064 --- [ecommerce] [           main] c.s.ecommerce.admin.AdminServiceImpl     : Admin admin@test.com updated payment 86 status: AWAITING_PAYMENT ? FAILED
Hibernate: 
    update
        orders 
    set
        idempotency_key=?,
        order_status=?,
        payment_method=?,
        payment_status=?,
        total_amount=?,
        user_id=? 
    where
        id=?
Hibernate: 
    update
        payments 
    set
        amount=?,
        failure_reason=?,
        gateway_order_id=?,
        gateway_payment_id=?,
        order_id=?,
        payment_link=?,
        payment_method=?,
        payment_status=?,
        updated_at=?,
        upi_transaction_id=? 
    where
        id=?
Hibernate: 
    select
        i1_0.product_id,
        i1_0.available_stock,
        p1_0.id,
        p1_0.description,
        p1_0.is_active,
        p1_0.name,
        p1_0.price,
        i1_0.total_stock 
    from
        inventory i1_0 
    join
        products p1_0 
            on p1_0.id=i1_0.product_id 
    where
        i1_0.product_id=?
Hibernate: 
    select
        o1_0.id,
        o1_0.created_at,
        o1_0.idempotency_key,
        o1_0.order_status,
        o1_0.payment_method,
        o1_0.payment_status,
        o1_0.total_amount,
        o1_0.user_id,
        u1_0.id,
        u1_0.email,
        u1_0.is_active,
        u1_0.password,
        u1_0.phone_number,
        u1_0.role 
    from
        orders o1_0 
    join
        users u1_0 
            on u1_0.id=o1_0.user_id 
    where
        o1_0.id=?
Hibernate: 
    DELETE 
    FROM
        admin_audit_logs
Hibernate: 
    DELETE 
    FROM
        order_items
Hibernate: 
    DELETE 
    FROM
        payments
Hibernate: 
    DELETE 
    FROM
        cart_items
Hibernate: 
    DELETE 
    FROM
        orders
Hibernate: 
    DELETE 
    FROM
        carts
Hibernate: 
    DELETE 
    FROM
        inventory
Hibernate: 
    DELETE 
    FROM
        products
Hibernate: 
    DELETE 
    FROM
        users
Hibernate: 
    insert 
    into
        users
        (email, is_active, password, phone_number, role) 
    values
        (?, ?, ?, ?, ?)
Hibernate: 
    insert 
    into
        products
        (description, is_active, name, price) 
    values
        (?, ?, ?, ?)
Hibernate: 
    insert 
    into
        inventory
        (available_stock, total_stock, product_id) 
    values
        (?, ?, ?)
Hibernate: 
    update
        inventory i1_0 
    set
        available_stock=(i1_0.available_stock-?) 
    where
        i1_0.product_id=? 
        and i1_0.available_stock>=?
Hibernate: 
    insert 
    into
        orders
        (created_at, idempotency_key, order_status, payment_method, payment_status, total_amount, user_id) 
    values
        (?, ?, ?, ?, ?, ?, ?)
Hibernate: 
    insert 
    into
        order_items
        (order_id, price_at_purchase, product_id, quantity) 
    values
        (?, ?, ?, ?)
Hibernate: 
    insert 
    into
        orders
        (created_at, idempotency_key, order_status, payment_method, payment_status, total_amount, user_id) 
    values
        (?, ?, ?, ?, ?, ?, ?)
Hibernate: 
    insert 
    into
        order_items
        (order_id, price_at_purchase, product_id, quantity) 
    values
        (?, ?, ?, ?)
Hibernate: 
    insert 
    into
        payments
        (amount, created_at, failure_reason, gateway_order_id, gateway_payment_id, order_id, payment_link, payment_method, payment_status, updated_at, upi_transaction_id) 
    values
        (?, ?, ?, ?, ?, ?, ?, ?, ?, ?, ?)
Hibernate: 
    insert 
    into
        payments
        (amount, created_at, failure_reason, gateway_order_id, gateway_payment_id, order_id, payment_link, payment_method, payment_status, updated_at, upi_transaction_id) 
    values
        (?, ?, ?, ?, ?, ?, ?, ?, ?, ?, ?)
Hibernate: 
    select
        p1_0.id,
        p1_0.amount,
        p1_0.created_at,
        p1_0.failure_reason,
        p1_0.gateway_order_id,
        p1_0.gateway_payment_id,
        p1_0.order_id,
        p1_0.payment_link,
        p1_0.payment_method,
        p1_0.payment_status,
        p1_0.updated_at,
        p1_0.upi_transaction_id 
    from
        payments p1_0 
    offset
        ? rows 
    fetch
        first ? rows only
Hibernate: 
    DELETE 
    FROM
        admin_audit_logs
Hibernate: 
    DELETE 
    FROM
        order_items
Hibernate: 
    DELETE 
    FROM
        payments
Hibernate: 
    DELETE 
    FROM
        cart_items
Hibernate: 
    DELETE 
    FROM
        orders
Hibernate: 
    DELETE 
    FROM
        carts
Hibernate: 
    DELETE 
    FROM
        inventory
Hibernate: 
    DELETE 
    FROM
        products
Hibernate: 
    DELETE 
    FROM
        users
Hibernate: 
    insert 
    into
        users
        (email, is_active, password, phone_number, role) 
    values
        (?, ?, ?, ?, ?)
Hibernate: 
    insert 
    into
        products
        (description, is_active, name, price) 
    values
        (?, ?, ?, ?)
Hibernate: 
    insert 
    into
        inventory
        (available_stock, total_stock, product_id) 
    values
        (?, ?, ?)
Hibernate: 
    update
        inventory i1_0 
    set
        available_stock=(i1_0.available_stock-?) 
    where
        i1_0.product_id=? 
        and i1_0.available_stock>=?
Hibernate: 
    insert 
    into
        orders
        (created_at, idempotency_key, order_status, payment_method, payment_status, total_amount, user_id) 
    values
        (?, ?, ?, ?, ?, ?, ?)
Hibernate: 
    insert 
    into
        order_items
        (order_id, price_at_purchase, product_id, quantity) 
    values
        (?, ?, ?, ?)
Hibernate: 
    insert 
    into
        orders
        (created_at, idempotency_key, order_status, payment_method, payment_status, total_amount, user_id) 
    values
        (?, ?, ?, ?, ?, ?, ?)
Hibernate: 
    insert 
    into
        order_items
        (order_id, price_at_purchase, product_id, quantity) 
    values
        (?, ?, ?, ?)
Hibernate: 
    insert 
    into
        payments
        (amount, created_at, failure_reason, gateway_order_id, gateway_payment_id, order_id, payment_link, payment_method, payment_status, updated_at, upi_transaction_id) 
    values
        (?, ?, ?, ?, ?, ?, ?, ?, ?, ?, ?)
Hibernate: 
    insert 
    into
        payments
        (amount, created_at, failure_reason, gateway_order_id, gateway_payment_id, order_id, payment_link, payment_method, payment_status, updated_at, upi_transaction_id) 
    values
        (?, ?, ?, ?, ?, ?, ?, ?, ?, ?, ?)
Hibernate: 
    select
        p1_0.id,
        p1_0.amount,
        p1_0.created_at,
        p1_0.failure_reason,
        p1_0.gateway_order_id,
        p1_0.gateway_payment_id,
        p1_0.order_id,
        p1_0.payment_link,
        p1_0.payment_method,
        p1_0.payment_status,
        p1_0.updated_at,
        p1_0.upi_transaction_id 
    from
        payments p1_0 
    where
        p1_0.payment_status=? 
    fetch
        first ? rows only
[INFO] Tests run: 6, Failures: 0, Errors: 0, Skipped: 0, Time elapsed: 1.352 s -- in Payment Management
[INFO] Running Admin User Management
2026-03-04T00:23:20.769+05:30  INFO 21064 --- [ecommerce] [           main] t.c.s.AnnotationConfigContextLoaderUtils : Could not detect default configuration classes for test class [com.spring.ecommerce.admin.AdminServiceIntegrationTest$AdminUserManagementTests]: AdminUserManagementTests does not declare any static, non-private, non-final, nested classes annotated with @Configuration.
2026-03-04T00:23:20.779+05:30  INFO 21064 --- [ecommerce] [           main] .b.t.c.SpringBootTestContextBootstrapper : Found @SpringBootConfiguration com.spring.ecommerce.EcommerceApplication for test class com.spring.ecommerce.admin.AdminServiceIntegrationTest$AdminUserManagementTests
Hibernate: 
    DELETE 
    FROM
        admin_audit_logs
Hibernate: 
    DELETE 
    FROM
        order_items
Hibernate: 
    DELETE 
    FROM
        payments
Hibernate: 
    DELETE 
    FROM
        cart_items
Hibernate: 
    DELETE 
    FROM
        orders
Hibernate: 
    DELETE 
    FROM
        carts
Hibernate: 
    DELETE 
    FROM
        inventory
Hibernate: 
    DELETE 
    FROM
        products
Hibernate: 
    DELETE 
    FROM
        users
Hibernate: 
    select
        u1_0.id,
        u1_0.email,
        u1_0.is_active,
        u1_0.password,
        u1_0.phone_number,
        u1_0.role 
    from
        users u1_0 
    where
        u1_0.email=?
Hibernate: 
    insert 
    into
        users
        (email, is_active, password, phone_number, role) 
    values
        (?, ?, ?, ?, ?)
Hibernate: 
    insert 
    into
        admin_audit_logs
        (action_type, admin_email, created_at, details, target_entity, target_id) 
    values
        (?, ?, ?, ?, ?, ?)
2026-03-04T00:23:20.971+05:30  INFO 21064 --- [ecommerce] [           main] c.s.ecommerce.admin.AdminServiceImpl     : Admin admin@test.com created new admin user: newadmin@test.com
Hibernate: 
    select
        u1_0.id,
        u1_0.email,
        u1_0.is_active,
        u1_0.password,
        u1_0.phone_number,
        u1_0.role 
    from
        users u1_0 
    where
        u1_0.email=?
Hibernate: 
    select
        aal1_0.id,
        aal1_0.action_type,
        aal1_0.admin_email,
        aal1_0.created_at,
        aal1_0.details,
        aal1_0.target_entity,
        aal1_0.target_id 
    from
        admin_audit_logs aal1_0 
    where
        aal1_0.action_type=? 
    fetch
        first ? rows only
Hibernate: 
    DELETE 
    FROM
        admin_audit_logs
Hibernate: 
    DELETE 
    FROM
        order_items
Hibernate: 
    DELETE 
    FROM
        payments
Hibernate: 
    DELETE 
    FROM
        cart_items
Hibernate: 
    DELETE 
    FROM
        orders
Hibernate: 
    DELETE 
    FROM
        carts
Hibernate: 
    DELETE 
    FROM
        inventory
Hibernate: 
    DELETE 
    FROM
        products
Hibernate: 
    DELETE 
    FROM
        users
Hibernate: 
    insert 
    into
        users
        (email, is_active, password, phone_number, role) 
    values
        (?, ?, ?, ?, ?)
Hibernate: 
    select
        u1_0.id,
        u1_0.email,
        u1_0.is_active,
        u1_0.password,
        u1_0.phone_number,
        u1_0.role 
    from
        users u1_0 
    where
        u1_0.email=?
[INFO] Tests run: 2, Failures: 0, Errors: 0, Skipped: 0, Time elapsed: 0.460 s -- in Admin User Management
[INFO] Tests run: 0, Failures: 0, Errors: 0, Skipped: 0, Time elapsed: 41.21 s -- in com.spring.ecommerce.admin.AdminServiceIntegrationTest
[INFO] 
[INFO] Results:
[INFO] 
[INFO] Tests run: 25, Failures: 0, Errors: 0, Skipped: 0
[INFO] 
[INFO] ------------------------------------------------------------------------
[INFO] BUILD SUCCESS
[INFO] ------------------------------------------------------------------------
[INFO] Total time:  50.673 s
[INFO] Finished at: 2026-03-04T00:23:21+05:30
[INFO] ------------------------------------------------------------------------
